\BOOKMARK [1][-]{cover.1}{\376\377\134\001\000\040\227\142}{}% 1
\BOOKMARK [1][-]{title.1}{\376\377\150\007\000\040\230\230}{}% 2
\BOOKMARK [1][-]{section.1}{\376\377\0001\000\040\225\356\230\230\221\315\217\360}{}% 3
\BOOKMARK [2][-]{subsection.1.1}{\376\377\0001\000.\0001\000\040\225\356\230\230\200\314\146\157}{section.1}% 4
\BOOKMARK [2][-]{subsection.1.2}{\376\377\0001\000.\0002\000\040\227\000\211\201\211\343\121\263\166\204\225\356\230\230}{section.1}% 5
\BOOKMARK [1][-]{section.2}{\376\377\0002\000\040\225\356\230\230\122\006\147\220}{}% 6
\BOOKMARK [2][-]{subsection.2.1}{\376\377\0002\000.\0001\000\040\225\356\230\230\116\000\166\204\122\006\147\220}{section.2}% 7
\BOOKMARK [2][-]{subsection.2.2}{\376\377\0002\000.\0002\000\040\225\356\230\230\116\214\166\204\122\006\147\220}{section.2}% 8
\BOOKMARK [2][-]{subsection.2.3}{\376\377\0002\000.\0003\000\040\225\356\230\230\116\011\166\204\122\006\147\220}{section.2}% 9
\BOOKMARK [2][-]{subsection.2.4}{\376\377\0002\000.\0004\000\040\225\356\230\230\126\333\166\204\122\006\147\220}{section.2}% 10
\BOOKMARK [1][-]{section.3}{\376\377\0003\000\040\152\041\127\213\120\107\213\276}{}% 11
\BOOKMARK [1][-]{section.4}{\376\377\0004\000\040\173\046\123\367\213\364\146\016}{}% 12
\BOOKMARK [1][-]{section.5}{\376\377\0005\000\040\225\356\230\230\116\000\166\204\152\041\127\213\136\372\172\313\116\016\154\102\211\343}{}% 13
\BOOKMARK [2][-]{subsection.5.1}{\376\377\0005\000.\0001\000\040\202\052\153\265\121\340\117\125\116\016\116\011\153\265\137\017\200\375\200\027\152\041\127\213}{section.5}% 14
\BOOKMARK [2][-]{subsection.5.2}{\376\377\0005\000.\0002\000\040\147\000\131\047\133\211\121\150\217\175\203\167\152\041\127\213}{section.5}% 15
\BOOKMARK [2][-]{subsection.5.3}{\376\377\0005\000.\0003\000\040\215\047\173\261\176\304\142\171\166\204\226\306\124\010\122\022\122\006\152\041\127\213}{section.5}% 16
\BOOKMARK [2][-]{subsection.5.4}{\376\377\0005\000.\0004\000\040\131\032\145\271\150\110\154\102\211\343\116\016\153\324\217\203}{section.5}% 17
\BOOKMARK [2][-]{subsection.5.5}{\376\377\0005\000.\0005\000\040\116\011\166\356\150\007\147\103\210\141\121\163\174\373}{section.5}% 18
\BOOKMARK [2][-]{subsection.5.6}{\376\377\0005\000.\0006\000\040\147\000\131\047\133\211\121\150\217\175\203\167\166\204\131\032\176\364\162\171\140\047\122\006\147\220}{section.5}% 19
\BOOKMARK [1][-]{section.6}{\376\377\0006\000\040\225\356\230\230\116\214\166\204\152\041\127\213\136\372\172\313\116\016\154\102\211\343}{}% 20
\BOOKMARK [2][-]{subsection.6.1}{\376\377\0006\000.\0001\000\040\131\032\160\271\131\032\147\266\153\041\214\003\136\246\152\041\127\213}{section.6}% 21
\BOOKMARK [2][-]{subsection.6.2}{\376\377\0006\000.\0002\000\040\131\032\145\271\150\110\154\102\211\343\116\016\153\324\217\203}{section.6}% 22
\BOOKMARK [2][-]{subsection.6.3}{\376\377\0006\000.\0003\000\040\215\104\156\220\117\177\165\050\116\016\123\357\210\114\140\047\150\300\232\214}{section.6}% 23
\BOOKMARK [2][-]{subsection.6.4}{\376\377\0006\000.\0004\000\040\214\003\136\246\176\323\147\204\166\204\131\032\176\364\122\006\147\220}{section.6}% 24
\BOOKMARK [1][-]{section.7}{\376\377\0007\000\040\225\356\230\230\116\011\166\204\152\041\127\213\136\372\172\313\116\016\154\102\211\343}{}% 25
\BOOKMARK [2][-]{subsection.7.1}{\376\377\0007\000.\0001\000\040\220\032\117\341\147\015\122\241\162\266\140\001\152\041\127\213}{section.7}% 26
\BOOKMARK [2][-]{subsection.7.2}{\376\377\0007\000.\0002\000\040\116\055\176\347\140\254\120\134\177\121\150\074\116\016\200\124\124\010\214\003\136\246\152\041\127\213}{section.7}% 27
\BOOKMARK [2][-]{subsection.7.3}{\376\377\0007\000.\0003\000\040\154\102\211\343\145\271\154\325\116\016\176\323\147\234}{section.7}% 28
\BOOKMARK [2][-]{subsection.7.4}{\376\377\0007\000.\0004\000\040\220\032\117\341\117\335\226\234\116\016\116\055\176\347\200\375\200\027\166\204\131\032\176\364\122\006\147\220}{section.7}% 29
\BOOKMARK [1][-]{section.8}{\376\377\0008\000\040\225\356\230\230\126\333\166\204\152\041\127\213\136\372\172\313\116\016\154\102\211\343}{}% 30
\BOOKMARK [2][-]{subsection.8.1}{\376\377\0008\000.\0001\000\040\116\373\122\241\122\006\123\072\116\016\162\354\172\313\215\104\156\220\150\070\173\227\152\041\127\213}{section.8}% 31
\BOOKMARK [2][-]{subsection.8.2}{\376\377\0008\000.\0002\000\040\154\102\211\343\145\271\154\325\377\032\232\330\131\015\147\102\136\246\116\073\211\343\116\016\127\372\170\100\211\343}{section.8}% 32
\BOOKMARK [2][-]{subsection.8.3}{\376\377\0008\000.\0003\000\040\116\044\171\315\122\006\123\072\145\271\137\017\153\324\217\203\116\016\177\072\123\343\122\006\147\220}{section.8}% 33
\BOOKMARK [2][-]{subsection.8.4}{\376\377\0008\000.\0004\000\040\122\006\123\072\147\103\210\141\172\172\225\364\116\016\144\034\175\042\217\307\172\013\122\006\147\220}{section.8}% 34
\BOOKMARK [1][-]{section.9}{\376\377\0009\000\040\145\117\141\037\140\047\122\006\147\220}{}% 35
\BOOKMARK [2][-]{subsection.9.1}{\376\377\0009\000.\0001\000\040\217\324\202\052\133\211\121\150\117\131\221\317\133\371\147\000\131\047\133\211\121\150\217\175\203\167\116\016\176\304\142\171\166\204\137\161\124\315}{section.9}% 36
\BOOKMARK [2][-]{subsection.9.2}{\376\377\0009\000.\0002\000\040\121\166\116\326\123\302\145\160\116\016\173\227\154\325\172\063\133\232\140\047}{section.9}% 37
\BOOKMARK [1][-]{section.10}{\376\377\0001\0000\000\040\152\041\127\213\213\304\116\367\116\016\143\250\136\177}{}% 38
\BOOKMARK [2][-]{subsection.10.1}{\376\377\0001\0000\000.\0001\000\040\152\041\127\213\117\030\160\271}{section.10}% 39
\BOOKMARK [2][-]{subsection.10.2}{\376\377\0001\0000\000.\0002\000\040\152\041\127\213\177\072\160\271}{section.10}% 40
\BOOKMARK [2][-]{subsection.10.3}{\376\377\0001\0000\000.\0003\000\040\145\071\217\333\145\271\124\021\116\016\143\250\136\177}{section.10}% 41
\BOOKMARK [1][-]{section*.19}{\376\377\123\302\200\003\145\207\163\056}{}% 42
\BOOKMARK [1][-]{appendix.1.A}{\376\377\226\104\137\125\000\040\000A\000\040\150\070\137\303\116\343\170\001}{}% 43
\BOOKMARK [2][-]{subsection.1.A.1}{\376\377\000A\000.\0001\000\040\225\356\230\230\116\000\377\032\116\011\153\265\137\017\200\375\200\027\060\001\147\000\131\047\133\211\121\150\217\175\203\167\116\016\116\011\145\271\150\110\176\304\142\171}{appendix.1.A}% 44
\BOOKMARK [2][-]{subsection.1.A.2}{\376\377\000A\000.\0002\000\040\225\356\230\230\116\000\377\032\226\306\124\010\122\022\122\006\116\011\166\356\150\007\176\277\140\047\122\240\147\103\000\040\000M\000I\000L\000P}{appendix.1.A}% 45
\BOOKMARK [2][-]{subsection.1.A.3}{\376\377\000A\000.\0003\000\040\225\356\230\230\116\000\377\032\122\006\147\015\122\241\123\072\000\040\000N\000S\000G\000A\000-\000I\000I\000\040\116\016\000\040\000M\000i\000n\000k\000o\000w\000s\000k\000i\000\040\124\010\136\166}{appendix.1.A}% 46
\BOOKMARK [2][-]{subsection.1.A.4}{\376\377\000A\000.\0004\000\040\225\356\230\230\126\333\377\032\000m\000u\000s\000t\000-\000l\000i\000n\000k\000\040\145\066\177\051\116\016\133\214\121\150\147\232\116\076\122\006\123\072}{appendix.1.A}% 47
\BOOKMARK [1][-]{section*.21}{\376\377\000A\000I\000\040\135\345\121\167\117\177\165\050\140\305\121\265\213\364\146\016}{}% 48
