This is XeTeX, Version 3.141592653-2.6-0.999995 (MiKTeX 24.1) (preloaded format=xelatex.fmt)
 restricted \write18 enabled.
entering extended mode
(main.tex
LaTeX2e <2023-11-01> patch level 1
L3 programming layer <2024-01-04>
(gmcmthesis.cls
Document Class: gmcmthesis 2026/09/22 MathModel Huawei Cup 2026
(C:\Users\24404\AppData\Local\Programs\MiKTeX\tex/latex/ctex\ctexart.cls
(C:\Users\24404\AppData\Local\Programs\MiKTeX\tex/latex/ctex/config\ctexbackend
.cfg)
(C:\Users\24404\AppData\Local\Programs\MiKTeX\tex/latex/l3kernel\expl3.sty
(C:\Users\24404\AppData\Local\Programs\MiKTeX\tex/latex/l3backend\l3backend-xet
ex.def))
Document Class: ctexart 2022/07/14 v2.5.10 Chinese adapter for class article (C
TEX)
(C:\Users\24404\AppData\Local\Programs\MiKTeX\tex/latex/ctex\ctexhook.sty)
(C:\Users\24404\AppData\Local\Programs\MiKTeX\tex/latex/ctex\ctexpatch.sty)
(C:\Users\24404\AppData\Local\Programs\MiKTeX\tex/latex/base\fix-cm.sty
(C:\Users\24404\AppData\Local\Programs\MiKTeX\tex/latex/base\ts1enc.def))
(C:\Users\24404\AppData\Local\Programs\MiKTeX\tex/latex/ctex/config\ctexopts.cf
g) (C:\Users\24404\AppData\Local\Programs\MiKTeX\tex/latex/base\article.cls
Document Class: article 2023/05/17 v1.4n Standard LaTeX document class
(C:\Users\24404\AppData\Local\Programs\MiKTeX\tex/latex/base\size12.clo))
(C:\Users\24404\AppData\Local\Programs\MiKTeX\tex/latex/ctex/engine\ctex-engine
-xetex.def
(C:\Users\24404\AppData\Local\Programs\MiKTeX\tex/xelatex/xecjk\xeCJK.sty
(C:\Users\24404\AppData\Local\Programs\MiKTeX\tex/latex/l3packages/xtemplate\xt
emplate.sty)
(C:\Users\24404\AppData\Local\Programs\MiKTeX\tex/latex/fontspec\fontspec.sty
(C:\Users\24404\AppData\Local\Programs\MiKTeX\tex/latex/l3packages/xparse\xpars
e.sty)
(C:\Users\24404\AppData\Local\Programs\MiKTeX\tex/latex/fontspec\fontspec-xetex
.sty (C:\Users\24404\AppData\Local\Programs\MiKTeX\tex/latex/base\fontenc.sty)
(C:\Users\24404\AppData\Local\Programs\MiKTeX\tex/latex/fontspec\fontspec.cfg))
) (C:\Users\24404\AppData\Local\Programs\MiKTeX\tex/xelatex/xecjk\xeCJK.cfg)))
(C:\Users\24404\AppData\Local\Programs\MiKTeX\tex/latex/zhnumber\zhnumber.sty
(C:\Users\24404\AppData\Local\Programs\MiKTeX\tex/latex/zhnumber\zhnumber-utf8.
cfg))
(C:\Users\24404\AppData\Local\Programs\MiKTeX\tex/latex/ctex/scheme\ctex-scheme
-chinese-article.def
(C:\Users\24404\AppData\Local\Programs\MiKTeX\tex/latex/ctex/config\ctex-name-u
tf8.cfg))
(C:\Users\24404\AppData\Local\Programs\MiKTeX\tex/latex/ctex\ctex-cs4size.clo)
(C:\Users\24404\AppData\Local\Programs\MiKTeX\tex/latex/ctex/fontset\ctex-fonts
et-windows.def))
(C:\Users\24404\AppData\Local\Programs\MiKTeX\tex/latex/ctex/config\ctex.cfg)
(C:\Users\24404\AppData\Local\Programs\MiKTeX\tex/generic/iftex\ifxetex.sty
(C:\Users\24404\AppData\Local\Programs\MiKTeX\tex/generic/iftex\iftex.sty))
(C:\Users\24404\AppData\Local\Programs\MiKTeX\tex/latex/geometry\geometry.sty
(C:\Users\24404\AppData\Local\Programs\MiKTeX\tex/latex/graphics\keyval.sty)
(C:\Users\24404\AppData\Local\Programs\MiKTeX\tex/generic/iftex\ifvtex.sty)
(C:\Users\24404\AppData\Local\Programs\MiKTeX\tex/latex/geometry\geometry.cfg))
(C:\Users\24404\AppData\Local\Programs\MiKTeX\tex/latex/amsmath\amsmath.sty
For additional information on amsmath, use the `?' option.
(C:\Users\24404\AppData\Local\Programs\MiKTeX\tex/latex/amsmath\amstext.sty
(C:\Users\24404\AppData\Local\Programs\MiKTeX\tex/latex/amsmath\amsgen.sty))
(C:\Users\24404\AppData\Local\Programs\MiKTeX\tex/latex/amsmath\amsbsy.sty)
(C:\Users\24404\AppData\Local\Programs\MiKTeX\tex/latex/amsmath\amsopn.sty))
(C:\Users\24404\AppData\Local\Programs\MiKTeX\tex/latex/amsfonts\amsfonts.sty)
(C:\Users\24404\AppData\Local\Programs\MiKTeX\tex/latex/amsfonts\amssymb.sty)
(C:\Users\24404\AppData\Local\Programs\MiKTeX\tex/latex/tools\bm.sty)
(C:\Users\24404\AppData\Local\Programs\MiKTeX\tex/latex/graphics\color.sty
(C:\Users\24404\AppData\Local\Programs\MiKTeX\tex/latex/graphics-cfg\color.cfg)
(C:\Users\24404\AppData\Local\Programs\MiKTeX\tex/latex/graphics-def\xetex.def)
 (C:\Users\24404\AppData\Local\Programs\MiKTeX\tex/latex/graphics\mathcolor.ltx
)) (C:\Users\24404\AppData\Local\Programs\MiKTeX\tex/latex/xcolor\xcolor.sty
(C:\Users\24404\AppData\Local\Programs\MiKTeX\tex/latex/graphics-cfg\color.cfg)
(C:\Users\24404\AppData\Local\Programs\MiKTeX\tex/latex/graphics\mathcolor.ltx)
) (C:\Users\24404\AppData\Local\Programs\MiKTeX\tex/latex/graphics\graphicx.sty
(C:\Users\24404\AppData\Local\Programs\MiKTeX\tex/latex/graphics\graphics.sty
(C:\Users\24404\AppData\Local\Programs\MiKTeX\tex/latex/graphics\trig.sty)
(C:\Users\24404\AppData\Local\Programs\MiKTeX\tex/latex/graphics-cfg\graphics.c
fg)))
(C:\Users\24404\AppData\Local\Programs\MiKTeX\tex/latex/tools\tabularx.sty
(C:\Users\24404\AppData\Local\Programs\MiKTeX\tex/latex/tools\array.sty))
(C:\Users\24404\AppData\Local\Programs\MiKTeX\tex/latex/makecell\makecell.sty)
(C:\Users\24404\AppData\Local\Programs\MiKTeX\tex/latex/tools\longtable.sty)
(C:\Users\24404\AppData\Local\Programs\MiKTeX\tex/latex/booktabs\booktabs.sty)
(C:\Users\24404\AppData\Local\Programs\MiKTeX\tex/latex/multirow\multirow.sty)
(C:\Users\24404\AppData\Local\Programs\MiKTeX\tex/latex/multirow\bigstrut.sty)
(C:\Users\24404\AppData\Local\Programs\MiKTeX\tex/latex/multirow\bigdelim.sty)
(C:\Users\24404\AppData\Local\Programs\MiKTeX\tex/latex/cprotect\cprotect.sty
(C:\Users\24404\AppData\Local\Programs\MiKTeX\tex/latex/base\ifthen.sty)
(C:\Users\24404\AppData\Local\Programs\MiKTeX\tex/latex/bigfoot\suffix.sty))
(C:\Users\24404\AppData\Local\Programs\MiKTeX\tex/latex/listings\listings.sty
(C:\Users\24404\AppData\Local\Programs\MiKTeX\tex/latex/listings\lstmisc.sty)
(C:\Users\24404\AppData\Local\Programs\MiKTeX\tex/latex/listings\listings.cfg))

(C:\Users\24404\AppData\Local\Programs\MiKTeX\tex/xelatex/xecjk\xeCJK-listings.
sty)
(C:\Users\24404\AppData\Local\Programs\MiKTeX\tex/latex/tools\indentfirst.sty)
(C:\Users\24404\AppData\Local\Programs\MiKTeX\tex/latex/caption\caption.sty
(C:\Users\24404\AppData\Local\Programs\MiKTeX\tex/latex/caption\caption3.sty)
(C:\Users\24404\AppData\Local\Programs\MiKTeX\tex/latex/caption\ltcaption.sty))
 (C:\Users\24404\AppData\Local\Programs\MiKTeX\tex/latex/enumitem\enumitem.sty)
 (C:\Users\24404\AppData\Local\Programs\MiKTeX\tex/latex/ulem\ulem.sty)
(C:\Users\24404\AppData\Local\Programs\MiKTeX\tex/latex/tools\calc.sty)
(C:\Users\24404\AppData\Local\Programs\MiKTeX\tex/latex/titlesec\titletoc.sty)
(C:\Users\24404\AppData\Local\Programs\MiKTeX\tex/latex/url\url.sty)
(C:\Users\24404\AppData\Local\Programs\MiKTeX\tex/latex/natbib\natbib.sty)
(C:\Users\24404\AppData\Local\Programs\MiKTeX\tex/latex/etoolbox\etoolbox.sty)
(C:\Users\24404\AppData\Local\Programs\MiKTeX\tex/latex/hyperref\hyperref.sty
(C:\Users\24404\AppData\Local\Programs\MiKTeX\tex/generic/infwarerr\infwarerr.s
ty)
(C:\Users\24404\AppData\Local\Programs\MiKTeX\tex/latex/kvsetkeys\kvsetkeys.sty
)
(C:\Users\24404\AppData\Local\Programs\MiKTeX\tex/generic/kvdefinekeys\kvdefine
keys.sty)
(C:\Users\24404\AppData\Local\Programs\MiKTeX\tex/generic/pdfescape\pdfescape.s
ty
(C:\Users\24404\AppData\Local\Programs\MiKTeX\tex/generic/ltxcmds\ltxcmds.sty)
(C:\Users\24404\AppData\Local\Programs\MiKTeX\tex/generic/pdftexcmds\pdftexcmds
.sty))
(C:\Users\24404\AppData\Local\Programs\MiKTeX\tex/latex/hycolor\hycolor.sty)
(C:\Users\24404\AppData\Local\Programs\MiKTeX\tex/latex/letltxmacro\letltxmacro
.sty)
(C:\Users\24404\AppData\Local\Programs\MiKTeX\tex/latex/auxhook\auxhook.sty)
(C:\Users\24404\AppData\Local\Programs\MiKTeX\tex/latex/hyperref\nameref.sty
(C:\Users\24404\AppData\Local\Programs\MiKTeX\tex/latex/refcount\refcount.sty)
(C:\Users\24404\AppData\Local\Programs\MiKTeX\tex/generic/gettitlestring\gettit
lestring.sty
(C:\Users\24404\AppData\Local\Programs\MiKTeX\tex/latex/kvoptions\kvoptions.sty
))) (C:\Users\24404\AppData\Local\Programs\MiKTeX\tex/latex/hyperref\pd1enc.def
) (C:\Users\24404\AppData\Local\Programs\MiKTeX\tex/generic/intcalc\intcalc.sty
) (C:\Users\24404\AppData\Local\Programs\MiKTeX\tex/latex/hyperref\puenc.def)
(C:\Users\24404\AppData\Local\Programs\MiKTeX\tex/generic/bitset\bitset.sty
(C:\Users\24404\AppData\Local\Programs\MiKTeX\tex/generic/bigintcalc\bigintcalc
.sty))
(C:\Users\24404\AppData\Local\Programs\MiKTeX\tex/latex/base\atbegshi-ltx.sty))
(C:\Users\24404\AppData\Local\Programs\MiKTeX\tex/latex/hyperref\hxetex.def
(C:\Users\24404\AppData\Local\Programs\MiKTeX\tex/generic/stringenc\stringenc.s
ty)
(C:\Users\24404\AppData\Local\Programs\MiKTeX\tex/latex/rerunfilecheck\rerunfil
echeck.sty
(C:\Users\24404\AppData\Local\Programs\MiKTeX\tex/generic/uniquecounter\uniquec
ounter.sty)))
(C:\Users\24404\AppData\Local\Programs\MiKTeX\tex/latex/tocloft\tocloft.sty)
(C:\Users\24404\AppData\Local\Programs\MiKTeX\tex/latex/appendix\appendix.sty))
 (C:\Users\24404\AppData\Local\Programs\MiKTeX\tex/latex/mdframed\mdframed.sty
(C:\Users\24404\AppData\Local\Programs\MiKTeX\tex/latex/zref\zref-abspage.sty
(C:\Users\24404\AppData\Local\Programs\MiKTeX\tex/latex/zref\zref-base.sty
(C:\Users\24404\AppData\Local\Programs\MiKTeX\tex/generic/etexcmds\etexcmds.sty
)))
(C:\Users\24404\AppData\Local\Programs\MiKTeX\tex/latex/needspace\needspace.sty
)
(C:\Users\24404\AppData\Local\Programs\MiKTeX\tex/latex/pgf/frontendlayer\tikz.
sty
(C:\Users\24404\AppData\Local\Programs\MiKTeX\tex/latex/pgf/basiclayer\pgf.sty
(C:\Users\24404\AppData\Local\Programs\MiKTeX\tex/latex/pgf/utilities\pgfrcs.st
y
(C:\Users\24404\AppData\Local\Programs\MiKTeX\tex/generic/pgf/utilities\pgfutil
-common.tex)
(C:\Users\24404\AppData\Local\Programs\MiKTeX\tex/generic/pgf/utilities\pgfutil
-latex.def)
(C:\Users\24404\AppData\Local\Programs\MiKTeX\tex/generic/pgf/utilities\pgfrcs.
code.tex
(C:\Users\24404\AppData\Local\Programs\MiKTeX\tex/generic/pgf\pgf.revision.tex)
))
(C:\Users\24404\AppData\Local\Programs\MiKTeX\tex/latex/pgf/basiclayer\pgfcore.
sty
(C:\Users\24404\AppData\Local\Programs\MiKTeX\tex/latex/pgf/systemlayer\pgfsys.
sty
(C:\Users\24404\AppData\Local\Programs\MiKTeX\tex/generic/pgf/systemlayer\pgfsy
s.code.tex
(C:\Users\24404\AppData\Local\Programs\MiKTeX\tex/generic/pgf/utilities\pgfkeys
.code.tex
(C:\Users\24404\AppData\Local\Programs\MiKTeX\tex/generic/pgf/utilities\pgfkeys
libraryfiltered.code.tex))
(C:\Users\24404\AppData\Local\Programs\MiKTeX\tex/generic/pgf/systemlayer\pgf.c
fg)
(C:\Users\24404\AppData\Local\Programs\MiKTeX\tex/generic/pgf/systemlayer\pgfsy
s-xetex.def
(C:\Users\24404\AppData\Local\Programs\MiKTeX\tex/generic/pgf/systemlayer\pgfsy
s-dvipdfmx.def
(C:\Users\24404\AppData\Local\Programs\MiKTeX\tex/generic/pgf/systemlayer\pgfsy
s-common-pdf.def))))
(C:\Users\24404\AppData\Local\Programs\MiKTeX\tex/generic/pgf/systemlayer\pgfsy
ssoftpath.code.tex)
(C:\Users\24404\AppData\Local\Programs\MiKTeX\tex/generic/pgf/systemlayer\pgfsy
sprotocol.code.tex))
(C:\Users\24404\AppData\Local\Programs\MiKTeX\tex/generic/pgf/basiclayer\pgfcor
e.code.tex
(C:\Users\24404\AppData\Local\Programs\MiKTeX\tex/generic/pgf/math\pgfmath.code
.tex
(C:\Users\24404\AppData\Local\Programs\MiKTeX\tex/generic/pgf/math\pgfmathutil.
code.tex)
(C:\Users\24404\AppData\Local\Programs\MiKTeX\tex/generic/pgf/math\pgfmathparse
r.code.tex)
(C:\Users\24404\AppData\Local\Programs\MiKTeX\tex/generic/pgf/math\pgfmathfunct
ions.code.tex)
(C:\Users\24404\AppData\Local\Programs\MiKTeX\tex/generic/pgf/math\pgfmathfunct
ions.basic.code.tex)
(C:\Users\24404\AppData\Local\Programs\MiKTeX\tex/generic/pgf/math\pgfmathfunct
ions.trigonometric.code.tex)
(C:\Users\24404\AppData\Local\Programs\MiKTeX\tex/generic/pgf/math\pgfmathfunct
ions.random.code.tex)
(C:\Users\24404\AppData\Local\Programs\MiKTeX\tex/generic/pgf/math\pgfmathfunct
ions.comparison.code.tex)
(C:\Users\24404\AppData\Local\Programs\MiKTeX\tex/generic/pgf/math\pgfmathfunct
ions.base.code.tex)
(C:\Users\24404\AppData\Local\Programs\MiKTeX\tex/generic/pgf/math\pgfmathfunct
ions.round.code.tex)
(C:\Users\24404\AppData\Local\Programs\MiKTeX\tex/generic/pgf/math\pgfmathfunct
ions.misc.code.tex)
(C:\Users\24404\AppData\Local\Programs\MiKTeX\tex/generic/pgf/math\pgfmathfunct
ions.integerarithmetics.code.tex)
(C:\Users\24404\AppData\Local\Programs\MiKTeX\tex/generic/pgf/math\pgfmathcalc.
code.tex)
(C:\Users\24404\AppData\Local\Programs\MiKTeX\tex/generic/pgf/math\pgfmathfloat
.code.tex))
(C:\Users\24404\AppData\Local\Programs\MiKTeX\tex/generic/pgf/math\pgfint.code.
tex)
(C:\Users\24404\AppData\Local\Programs\MiKTeX\tex/generic/pgf/basiclayer\pgfcor
epoints.code.tex)
(C:\Users\24404\AppData\Local\Programs\MiKTeX\tex/generic/pgf/basiclayer\pgfcor
epathconstruct.code.tex)
(C:\Users\24404\AppData\Local\Programs\MiKTeX\tex/generic/pgf/basiclayer\pgfcor
epathusage.code.tex)
(C:\Users\24404\AppData\Local\Programs\MiKTeX\tex/generic/pgf/basiclayer\pgfcor
escopes.code.tex)
(C:\Users\24404\AppData\Local\Programs\MiKTeX\tex/generic/pgf/basiclayer\pgfcor
egraphicstate.code.tex)
(C:\Users\24404\AppData\Local\Programs\MiKTeX\tex/generic/pgf/basiclayer\pgfcor
etransformations.code.tex)
(C:\Users\24404\AppData\Local\Programs\MiKTeX\tex/generic/pgf/basiclayer\pgfcor
equick.code.tex)
(C:\Users\24404\AppData\Local\Programs\MiKTeX\tex/generic/pgf/basiclayer\pgfcor
eobjects.code.tex)
(C:\Users\24404\AppData\Local\Programs\MiKTeX\tex/generic/pgf/basiclayer\pgfcor
epathprocessing.code.tex)
(C:\Users\24404\AppData\Local\Programs\MiKTeX\tex/generic/pgf/basiclayer\pgfcor
earrows.code.tex)
(C:\Users\24404\AppData\Local\Programs\MiKTeX\tex/generic/pgf/basiclayer\pgfcor
eshade.code.tex)
(C:\Users\24404\AppData\Local\Programs\MiKTeX\tex/generic/pgf/basiclayer\pgfcor
eimage.code.tex)
(C:\Users\24404\AppData\Local\Programs\MiKTeX\tex/generic/pgf/basiclayer\pgfcor
eexternal.code.tex)
(C:\Users\24404\AppData\Local\Programs\MiKTeX\tex/generic/pgf/basiclayer\pgfcor
elayers.code.tex)
(C:\Users\24404\AppData\Local\Programs\MiKTeX\tex/generic/pgf/basiclayer\pgfcor
etransparency.code.tex)
(C:\Users\24404\AppData\Local\Programs\MiKTeX\tex/generic/pgf/basiclayer\pgfcor
epatterns.code.tex)
(C:\Users\24404\AppData\Local\Programs\MiKTeX\tex/generic/pgf/basiclayer\pgfcor
erdf.code.tex)))
(C:\Users\24404\AppData\Local\Programs\MiKTeX\tex/generic/pgf/modules\pgfmodule
shapes.code.tex)
(C:\Users\24404\AppData\Local\Programs\MiKTeX\tex/generic/pgf/modules\pgfmodule
plot.code.tex)
(C:\Users\24404\AppData\Local\Programs\MiKTeX\tex/latex/pgf/compatibility\pgfco
mp-version-0-65.sty)
(C:\Users\24404\AppData\Local\Programs\MiKTeX\tex/latex/pgf/compatibility\pgfco
mp-version-1-18.sty))
(C:\Users\24404\AppData\Local\Programs\MiKTeX\tex/latex/pgf/utilities\pgffor.st
y
(C:\Users\24404\AppData\Local\Programs\MiKTeX\tex/latex/pgf/utilities\pgfkeys.s
ty
(C:\Users\24404\AppData\Local\Programs\MiKTeX\tex/generic/pgf/utilities\pgfkeys
.code.tex))
(C:\Users\24404\AppData\Local\Programs\MiKTeX\tex/latex/pgf/math\pgfmath.sty
(C:\Users\24404\AppData\Local\Programs\MiKTeX\tex/generic/pgf/math\pgfmath.code
.tex))
(C:\Users\24404\AppData\Local\Programs\MiKTeX\tex/generic/pgf/utilities\pgffor.
code.tex))
(C:\Users\24404\AppData\Local\Programs\MiKTeX\tex/generic/pgf/frontendlayer/tik
z\tikz.code.tex
(C:\Users\24404\AppData\Local\Programs\MiKTeX\tex/generic/pgf/libraries\pgflibr
aryplothandlers.code.tex)
(C:\Users\24404\AppData\Local\Programs\MiKTeX\tex/generic/pgf/modules\pgfmodule
matrix.code.tex)
(C:\Users\24404\AppData\Local\Programs\MiKTeX\tex/generic/pgf/frontendlayer/tik
z/libraries\tikzlibrarytopaths.code.tex)))
(C:\Users\24404\AppData\Local\Programs\MiKTeX\tex/latex/mdframed\md-frame-1.mdf
))
(C:\Users\24404\AppData\Local\Programs\MiKTeX\tex/latex/placeins\placeins.sty)
(C:\Users\24404\AppData\Local\Programs\MiKTeX\tex/latex/subfig\subfig.sty)
(C:\Users\24404\AppData\Local\Programs\MiKTeX\tex/latex/float\float.sty)
(C:\Users\24404\AppData\Local\Programs\MiKTeX\tex/latex/algorithm2e\algorithm2e
.sty
(C:\Users\24404\AppData\Local\Programs\MiKTeX\tex/latex/ifoddpage\ifoddpage.sty
) (C:\Users\24404\AppData\Local\Programs\MiKTeX\tex/latex/tools\xspace.sty)
(C:\Users\24404\AppData\Local\Programs\MiKTeX\tex/latex/relsize\relsize.sty))
(C:\Users\24404\AppData\Local\Programs\MiKTeX\tex/generic/pgf/libraries\pgflibr
aryarrows.meta.code.tex)
(C:\Users\24404\AppData\Local\Programs\MiKTeX\tex/generic/pgf/frontendlayer/tik
z/libraries\tikzlibrarypositioning.code.tex)
(C:\Users\24404\AppData\Local\Programs\MiKTeX\tex/generic/pgf/frontendlayer/tik
z/libraries\tikzlibraryshapes.geometric.code.tex
(C:\Users\24404\AppData\Local\Programs\MiKTeX\tex/generic/pgf/libraries/shapes\
pgflibraryshapes.geometric.code.tex))
(C:\Users\24404\AppData\Local\Programs\MiKTeX\tex/generic/pgf/frontendlayer/tik
z/libraries\tikzlibraryfit.code.tex)
(C:\Users\24404\AppData\Local\Programs\MiKTeX\tex/generic/pgf/frontendlayer/tik
z/libraries\tikzlibrarycalc.code.tex)
No file main.aux.
*geometry* driver: auto-detecting
*geometry* detected driver: xetex

Package hyperref Warning: Rerun to get /PageLabels entry.

(C:\Users\24404\AppData\Local\Programs\MiKTeX\tex/latex/amsfonts\umsa.fd)
(C:\Users\24404\AppData\Local\Programs\MiKTeX\tex/latex/amsfonts\umsb.fd)
[0]

Package fontspec Warning: Font "LiSu" does not contain requested Script "CJK".

[1] (sections/1_restatement.tex) (sections/2_analysis.tex)
(sections/3_assumptions.tex) (sections/4_symbols.tex) (sections/5_problem1.tex
[2]) (sections/6_problem2.tex) (sections/7_problem3.tex)
(sections/8_sensitivity.tex) (sections/9_evaluation.tex [3])

Package natbib Warning: Empty `thebibliography' environment on input line 64.

(sections/A_code.tex
(C:\Users\24404\AppData\Local\Programs\MiKTeX\tex/latex/listings\lstlang1.sty))
 [4] (main.aux)miktex-dvipdfmx: critical issue: You are running MiKTeX on an unsupported version of Windows.
miktex-dvipdfmx: major issue: So far, you have not checked for MiKTeX updates.


Package rerunfilecheck Warning: File `main.out' has changed.
(rerunfilecheck)                Rerun to get outlines right
(rerunfilecheck)                or use package `bookmark'.

 )
(see the transcript file for additional information)
Output written on main.pdf (5 pages).
Transcript written on main.log.
xelatex: critical issue: You are running MiKTeX on an unsupported version of Windows.
xelatex: major issue: So far, you have not checked for MiKTeX updates.
