[规模] 箱子数=80  服务区数=15  机型数=3
[pilot] pop=24 gen=5 —— 先测真实每代耗时,再决定正式跑的规模
[gen 1/5] 用时=0.26s  可行解=0/24  最小架次数=19  缓存组解码数=705  缓存个体数=48
[gen 2/5] 用时=0.20s  可行解=0/24  最小架次数=19  缓存组解码数=863  缓存个体数=72
[gen 3/5] 用时=0.21s  可行解=0/24  最小架次数=19  缓存组解码数=975  缓存个体数=96
[gen 4/5] 用时=0.15s  可行解=0/24  最小架次数=19  缓存组解码数=1063  缓存个体数=120
[gen 5/5] 用时=0.17s  可行解=0/24  最小架次数=24  缓存组解码数=1148  缓存个体数=144
[pilot] 平均每代耗时=0.20s  正式规模(pop=80,gen=80)预计耗时≈53.0s
[gen 1/80] 用时=0.76s  可行解=0/80  最小架次数=18  缓存组解码数=1810  缓存个体数=160
[gen 2/80] 用时=0.53s  可行解=0/80  最小架次数=18  缓存组解码数=2075  缓存个体数=240
[gen 3/80] 用时=0.50s  可行解=0/80  最小架次数=18  缓存组解码数=2335  缓存个体数=320
[gen 4/80] 用时=0.56s  可行解=0/80  最小架次数=19  缓存组解码数=2596  缓存个体数=400
[gen 5/80] 用时=0.53s  可行解=0/80  最小架次数=20  缓存组解码数=2816  缓存个体数=480
[gen 6/80] 用时=0.53s  可行解=0/80  最小架次数=20  缓存组解码数=3035  缓存个体数=560
[gen 7/80] 用时=0.57s  可行解=0/80  最小架次数=20  缓存组解码数=3244  缓存个体数=640
[gen 8/80] 用时=0.56s  可行解=0/80  最小架次数=23  缓存组解码数=3422  缓存个体数=720
[gen 9/80] 用时=0.52s  可行解=0/80  最小架次数=23  缓存组解码数=3622  缓存个体数=800
[gen 10/80] 用时=0.53s  可行解=0/80  最小架次数=23  缓存组解码数=3789  缓存个体数=880
[gen 11/80] 用时=0.56s  可行解=1/80  最小架次数=25  缓存组解码数=3942  缓存个体数=960
[gen 12/80] 用时=0.80s  可行解=2/80  最小架次数=25  缓存组解码数=4083  缓存个体数=1040
[gen 13/80] 用时=0.95s  可行解=4/80  最小架次数=25  缓存组解码数=4223  缓存个体数=1120
[gen 14/80] 用时=1.11s  可行解=6/80  最小架次数=28  缓存组解码数=4358  缓存个体数=1200
[gen 15/80] 用时=0.96s  可行解=9/80  最小架次数=28  缓存组解码数=4490  缓存个体数=1280
[gen 16/80] 用时=0.77s  可行解=13/80  最小架次数=28  缓存组解码数=4598  缓存个体数=1360
[gen 17/80] 用时=0.60s  可行解=14/80  最小架次数=29  缓存组解码数=4696  缓存个体数=1440
[gen 18/80] 用时=0.64s  可行解=17/80  最小架次数=32  缓存组解码数=4812  缓存个体数=1520
[gen 19/80] 用时=0.64s  可行解=24/80  最小架次数=32  缓存组解码数=4904  缓存个体数=1600
[gen 20/80] 用时=0.80s  可行解=33/80  最小架次数=32  缓存组解码数=4996  缓存个体数=1680
[gen 21/80] 用时=0.86s  可行解=39/80  最小架次数=32  缓存组解码数=5089  缓存个体数=1760
[gen 22/80] 用时=0.85s  可行解=54/80  最小架次数=32  缓存组解码数=5176  缓存个体数=1840
[gen 23/80] 用时=0.76s  可行解=66/80  最小架次数=32  缓存组解码数=5244  缓存个体数=1920
[gen 24/80] 用时=0.99s  可行解=74/80  最小架次数=32  缓存组解码数=5328  缓存个体数=2000
[gen 25/80] 用时=0.88s  可行解=80/80  最小架次数=32  缓存组解码数=5400  缓存个体数=2080
[gen 26/80] 用时=0.84s  可行解=80/80  最小架次数=32  缓存组解码数=5465  缓存个体数=2160
[gen 27/80] 用时=1.16s  可行解=80/80  最小架次数=32  缓存组解码数=5537  缓存个体数=2240
[gen 28/80] 用时=1.11s  可行解=80/80  最小架次数=32  缓存组解码数=5600  缓存个体数=2320
[gen 29/80] 用时=1.20s  可行解=80/80  最小架次数=32  缓存组解码数=5654  缓存个体数=2400
[gen 30/80] 用时=0.88s  可行解=80/80  最小架次数=32  缓存组解码数=5704  缓存个体数=2480
[gen 31/80] 用时=0.95s  可行解=80/80  最小架次数=32  缓存组解码数=5770  缓存个体数=2560
[gen 32/80] 用时=0.94s  可行解=80/80  最小架次数=32  缓存组解码数=5832  缓存个体数=2640
[gen 33/80] 用时=0.79s  可行解=80/80  最小架次数=32  缓存组解码数=5878  缓存个体数=2720
[gen 34/80] 用时=0.81s  可行解=80/80  最小架次数=32  缓存组解码数=5937  缓存个体数=2800
[gen 35/80] 用时=0.77s  可行解=80/80  最小架次数=32  缓存组解码数=5996  缓存个体数=2880
[gen 36/80] 用时=0.89s  可行解=80/80  最小架次数=32  缓存组解码数=6048  缓存个体数=2960
[gen 37/80] 用时=0.87s  可行解=80/80  最小架次数=32  缓存组解码数=6103  缓存个体数=3040
[gen 38/80] 用时=0.72s  可行解=80/80  最小架次数=32  缓存组解码数=6158  缓存个体数=3120
[gen 39/80] 用时=0.85s  可行解=80/80  最小架次数=32  缓存组解码数=6217  缓存个体数=3200
[gen 40/80] 用时=0.64s  可行解=80/80  最小架次数=32  缓存组解码数=6279  缓存个体数=3280
[gen 41/80] 用时=0.57s  可行解=80/80  最小架次数=32  缓存组解码数=6338  缓存个体数=3360
[gen 42/80] 用时=0.76s  可行解=80/80  最小架次数=32  缓存组解码数=6397  缓存个体数=3440
[gen 43/80] 用时=0.86s  可行解=80/80  最小架次数=32  缓存组解码数=6446  缓存个体数=3520
[gen 44/80] 用时=1.06s  可行解=80/80  最小架次数=32  缓存组解码数=6507  缓存个体数=3600
[gen 45/80] 用时=0.85s  可行解=80/80  最小架次数=31  缓存组解码数=6580  缓存个体数=3680
[gen 46/80] 用时=0.76s  可行解=80/80  最小架次数=31  缓存组解码数=6645  缓存个体数=3760
[gen 47/80] 用时=0.72s  可行解=80/80  最小架次数=31  缓存组解码数=6718  缓存个体数=3840
[gen 48/80] 用时=0.60s  可行解=80/80  最小架次数=31  缓存组解码数=6785  缓存个体数=3920
[gen 49/80] 用时=0.69s  可行解=80/80  最小架次数=31  缓存组解码数=6830  缓存个体数=4000
[gen 50/80] 用时=0.88s  可行解=80/80  最小架次数=31  缓存组解码数=6891  缓存个体数=4080
[gen 51/80] 用时=0.89s  可行解=80/80  最小架次数=31  缓存组解码数=6958  缓存个体数=4160
[gen 52/80] 用时=0.64s  可行解=80/80  最小架次数=31  缓存组解码数=7000  缓存个体数=4240
[gen 53/80] 用时=0.88s  可行解=80/80  最小架次数=31  缓存组解码数=7062  缓存个体数=4320
[gen 54/80] 用时=0.73s  可行解=80/80  最小架次数=31  缓存组解码数=7117  缓存个体数=4400
[gen 55/80] 用时=0.72s  可行解=80/80  最小架次数=31  缓存组解码数=7176  缓存个体数=4480
[gen 56/80] 用时=0.77s  可行解=80/80  最小架次数=31  缓存组解码数=7238  缓存个体数=4560
[gen 57/80] 用时=0.84s  可行解=80/80  最小架次数=31  缓存组解码数=7301  缓存个体数=4640
[gen 58/80] 用时=0.83s  可行解=80/80  最小架次数=31  缓存组解码数=7354  缓存个体数=4720
[gen 59/80] 用时=0.94s  可行解=80/80  最小架次数=31  缓存组解码数=7418  缓存个体数=4800
[gen 60/80] 用时=0.91s  可行解=80/80  最小架次数=31  缓存组解码数=7480  缓存个体数=4880
[gen 61/80] 用时=0.94s  可行解=80/80  最小架次数=31  缓存组解码数=7531  缓存个体数=4960
[gen 62/80] 用时=0.84s  可行解=80/80  最小架次数=31  缓存组解码数=7595  缓存个体数=5040
[gen 63/80] 用时=0.92s  可行解=80/80  最小架次数=31  缓存组解码数=7664  缓存个体数=5120
[gen 64/80] 用时=0.81s  可行解=80/80  最小架次数=31  缓存组解码数=7718  缓存个体数=5200
[gen 65/80] 用时=0.69s  可行解=80/80  最小架次数=31  缓存组解码数=7768  缓存个体数=5280
[gen 66/80] 用时=0.76s  可行解=80/80  最小架次数=31  缓存组解码数=7821  缓存个体数=5360
[gen 67/80] 用时=0.70s  可行解=80/80  最小架次数=31  缓存组解码数=7866  缓存个体数=5440
[gen 68/80] 用时=0.76s  可行解=80/80  最小架次数=31  缓存组解码数=7909  缓存个体数=5520
[gen 69/80] 用时=0.78s  可行解=80/80  最小架次数=31  缓存组解码数=7957  缓存个体数=5600
[gen 70/80] 用时=0.73s  可行解=80/80  最小架次数=31  缓存组解码数=8002  缓存个体数=5680
[gen 71/80] 用时=0.72s  可行解=80/80  最小架次数=31  缓存组解码数=8055  缓存个体数=5760
[gen 72/80] 用时=0.75s  可行解=80/80  最小架次数=31  缓存组解码数=8099  缓存个体数=5840
[gen 73/80] 用时=0.72s  可行解=80/80  最小架次数=31  缓存组解码数=8151  缓存个体数=5920
[gen 74/80] 用时=0.72s  可行解=80/80  最小架次数=31  缓存组解码数=8200  缓存个体数=6000
[gen 75/80] 用时=0.75s  可行解=80/80  最小架次数=31  缓存组解码数=8240  缓存个体数=6080
[gen 76/80] 用时=1.02s  可行解=80/80  最小架次数=31  缓存组解码数=8281  缓存个体数=6160
[gen 77/80] 用时=0.78s  可行解=80/80  最小架次数=31  缓存组解码数=8330  缓存个体数=6240
[gen 78/80] 用时=0.72s  可行解=80/80  最小架次数=29  缓存组解码数=8372  缓存个体数=6320
[gen 79/80] 用时=0.63s  可行解=80/80  最小架次数=29  缓存组解码数=8419  缓存个体数=6400
[gen 80/80] 用时=0.87s  可行解=80/80  最小架次数=29  缓存组解码数=8459  缓存个体数=6480
[正式跑] 实际总耗时=64.2s
[前沿] 非支配解数=11  其中可行(0违反)=11
[代表解] f1=636937.6  f2=16683.6s  f3=82.777kWh  f4=29  硬约束违反数=0
[saved] q2_1_routes.csv / q2_1_sorties.csv / q2_1_box_delivery.csv / q2_1_resource_timeline.csv / q2_1_pareto_front.csv
[已保存] q2_1_01_帕累托前沿.png
[已保存] q2_1_02_路线结构图.png
[已保存] q2_1_03_资源甘特图.png
[saved] q2_1_summary.txt
[done] all checks passed
