[规模] 箱子数=80  服务区数=15  机型数=3
[中继预计算] 命中磁盘缓存 C:\Users\24404\PycharmProjects\pythonProject1\2026年研赛D题\q3_relay_precompute_cache.pkl
[通信预计算] 需中继相位=586/720  中继候选点=3420  零候选硬缺口相位=0  用时=0.1s
[pilot] pop=24 gen=5 —— 先测真实每代耗时,再决定正式跑的规模
[gen 1/5] 用时=0.75s  可行解=0/24  最小架次数=33  缓存组解码数=674  缓存个体数=48
[gen 2/5] 用时=0.62s  可行解=0/24  最小架次数=33  缓存组解码数=812  缓存个体数=72
[gen 3/5] 用时=0.44s  可行解=0/24  最小架次数=33  缓存组解码数=908  缓存个体数=96
[gen 4/5] 用时=0.45s  可行解=0/24  最小架次数=33  缓存组解码数=974  缓存个体数=120
[gen 5/5] 用时=0.43s  可行解=0/24  最小架次数=33  缓存组解码数=1048  缓存个体数=144
[pilot] 平均每代耗时=0.54s  正式规模(pop=80,gen=80)预计耗时≈143.3s
[gen 1/80] 用时=2.28s  可行解=0/80  最小架次数=31  缓存组解码数=1790  缓存个体数=160
[gen 2/80] 用时=1.55s  可行解=0/80  最小架次数=29  缓存组解码数=2039  缓存个体数=240
[gen 3/80] 用时=1.41s  可行解=0/80  最小架次数=29  缓存组解码数=2225  缓存个体数=320
[gen 4/80] 用时=1.91s  可行解=0/80  最小架次数=29  缓存组解码数=2385  缓存个体数=400
[gen 5/80] 用时=1.66s  可行解=0/80  最小架次数=29  缓存组解码数=2572  缓存个体数=480
[gen 6/80] 用时=1.89s  可行解=0/80  最小架次数=29  缓存组解码数=2764  缓存个体数=560
[gen 7/80] 用时=1.79s  可行解=0/80  最小架次数=29  缓存组解码数=2942  缓存个体数=640
[gen 8/80] 用时=2.55s  可行解=0/80  最小架次数=29  缓存组解码数=3115  缓存个体数=720
[gen 9/80] 用时=4.10s  可行解=0/80  最小架次数=29  缓存组解码数=3289  缓存个体数=800
[gen 10/80] 用时=4.31s  可行解=0/80  最小架次数=29  缓存组解码数=3453  缓存个体数=880
[gen 11/80] 用时=3.85s  可行解=0/80  最小架次数=29  缓存组解码数=3601  缓存个体数=960
[gen 12/80] 用时=3.78s  可行解=0/80  最小架次数=29  缓存组解码数=3741  缓存个体数=1040
[gen 13/80] 用时=4.63s  可行解=0/80  最小架次数=29  缓存组解码数=3893  缓存个体数=1120
[gen 14/80] 用时=4.18s  可行解=0/80  最小架次数=29  缓存组解码数=4012  缓存个体数=1200
[gen 15/80] 用时=4.89s  可行解=0/80  最小架次数=29  缓存组解码数=4136  缓存个体数=1280
[gen 16/80] 用时=3.87s  可行解=0/80  最小架次数=29  缓存组解码数=4254  缓存个体数=1360
[gen 17/80] 用时=4.55s  可行解=0/80  最小架次数=36  缓存组解码数=4354  缓存个体数=1440
[gen 18/80] 用时=5.35s  可行解=0/80  最小架次数=36  缓存组解码数=4473  缓存个体数=1520
[gen 19/80] 用时=5.33s  可行解=0/80  最小架次数=37  缓存组解码数=4569  缓存个体数=1600
[gen 20/80] 用时=5.19s  可行解=0/80  最小架次数=37  缓存组解码数=4672  缓存个体数=1680
[gen 21/80] 用时=6.38s  可行解=0/80  最小架次数=37  缓存组解码数=4760  缓存个体数=1760
[gen 22/80] 用时=5.54s  可行解=0/80  最小架次数=37  缓存组解码数=4857  缓存个体数=1840
[gen 23/80] 用时=5.71s  可行解=0/80  最小架次数=37  缓存组解码数=4940  缓存个体数=1920
[gen 24/80] 用时=6.90s  可行解=0/80  最小架次数=37  缓存组解码数=5022  缓存个体数=2000
[gen 25/80] 用时=6.81s  可行解=0/80  最小架次数=37  缓存组解码数=5118  缓存个体数=2080
[gen 26/80] 用时=7.43s  可行解=0/80  最小架次数=37  缓存组解码数=5190  缓存个体数=2160
[gen 27/80] 用时=8.23s  可行解=0/80  最小架次数=37  缓存组解码数=5242  缓存个体数=2240
[gen 28/80] 用时=7.48s  可行解=0/80  最小架次数=37  缓存组解码数=5312  缓存个体数=2320
[gen 29/80] 用时=7.45s  可行解=0/80  最小架次数=37  缓存组解码数=5382  缓存个体数=2400
[gen 30/80] 用时=7.25s  可行解=0/80  最小架次数=37  缓存组解码数=5438  缓存个体数=2480
[gen 31/80] 用时=6.46s  可行解=0/80  最小架次数=37  缓存组解码数=5486  缓存个体数=2560
[gen 32/80] 用时=6.78s  可行解=0/80  最小架次数=37  缓存组解码数=5557  缓存个体数=2640
[gen 33/80] 用时=6.09s  可行解=0/80  最小架次数=53  缓存组解码数=5616  缓存个体数=2720
[gen 34/80] 用时=6.56s  可行解=0/80  最小架次数=53  缓存组解码数=5667  缓存个体数=2800
[gen 35/80] 用时=6.90s  可行解=0/80  最小架次数=53  缓存组解码数=5724  缓存个体数=2880
[gen 36/80] 用时=5.91s  可行解=0/80  最小架次数=53  缓存组解码数=5779  缓存个体数=2960
[gen 37/80] 用时=8.58s  可行解=0/80  最小架次数=53  缓存组解码数=5838  缓存个体数=3040
[gen 38/80] 用时=9.45s  可行解=0/80  最小架次数=53  缓存组解码数=5882  缓存个体数=3120
[gen 39/80] 用时=9.69s  可行解=0/80  最小架次数=56  缓存组解码数=5917  缓存个体数=3200
[gen 40/80] 用时=8.05s  可行解=0/80  最小架次数=57  缓存组解码数=5966  缓存个体数=3280
[gen 41/80] 用时=9.16s  可行解=0/80  最小架次数=57  缓存组解码数=5995  缓存个体数=3360
[gen 42/80] 用时=9.99s  可行解=0/80  最小架次数=57  缓存组解码数=6036  缓存个体数=3440
[gen 43/80] 用时=9.83s  可行解=0/80  最小架次数=57  缓存组解码数=6075  缓存个体数=3520
[gen 44/80] 用时=10.05s  可行解=0/80  最小架次数=61  缓存组解码数=6122  缓存个体数=3600
[gen 45/80] 用时=6.71s  可行解=0/80  最小架次数=62  缓存组解码数=6167  缓存个体数=3680
[gen 46/80] 用时=7.95s  可行解=0/80  最小架次数=65  缓存组解码数=6213  缓存个体数=3760
[gen 47/80] 用时=10.43s  可行解=0/80  最小架次数=66  缓存组解码数=6261  缓存个体数=3840
[gen 48/80] 用时=11.25s  可行解=0/80  最小架次数=66  缓存组解码数=6306  缓存个体数=3920
[gen 49/80] 用时=12.24s  可行解=0/80  最小架次数=66  缓存组解码数=6353  缓存个体数=4000
[gen 50/80] 用时=11.92s  可行解=0/80  最小架次数=68  缓存组解码数=6397  缓存个体数=4080
[gen 51/80] 用时=11.17s  可行解=0/80  最小架次数=68  缓存组解码数=6426  缓存个体数=4160
[gen 52/80] 用时=12.39s  可行解=0/80  最小架次数=68  缓存组解码数=6454  缓存个体数=4240
[gen 53/80] 用时=11.63s  可行解=0/80  最小架次数=69  缓存组解码数=6485  缓存个体数=4320
[gen 54/80] 用时=13.26s  可行解=0/80  最小架次数=69  缓存组解码数=6520  缓存个体数=4400
[gen 55/80] 用时=12.18s  可行解=0/80  最小架次数=69  缓存组解码数=6538  缓存个体数=4480
[gen 56/80] 用时=11.95s  可行解=0/80  最小架次数=69  缓存组解码数=6567  缓存个体数=4560
[gen 57/80] 用时=13.69s  可行解=0/80  最小架次数=70  缓存组解码数=6596  缓存个体数=4640
[gen 58/80] 用时=12.19s  可行解=0/80  最小架次数=70  缓存组解码数=6618  缓存个体数=4720
[gen 59/80] 用时=11.62s  可行解=0/80  最小架次数=70  缓存组解码数=6636  缓存个体数=4800
[gen 60/80] 用时=11.90s  可行解=0/80  最小架次数=71  缓存组解码数=6654  缓存个体数=4880
[gen 61/80] 用时=12.42s  可行解=0/80  最小架次数=71  缓存组解码数=6682  缓存个体数=4960
[gen 62/80] 用时=13.20s  可行解=0/80  最小架次数=71  缓存组解码数=6700  缓存个体数=5040
[gen 63/80] 用时=12.63s  可行解=0/80  最小架次数=71  缓存组解码数=6723  缓存个体数=5120
[gen 64/80] 用时=12.87s  可行解=0/80  最小架次数=75  缓存组解码数=6746  缓存个体数=5200
[gen 65/80] 用时=10.17s  可行解=0/80  最小架次数=75  缓存组解码数=6762  缓存个体数=5280
[gen 66/80] 用时=10.48s  可行解=0/80  最小架次数=75  缓存组解码数=6779  缓存个体数=5360
[gen 67/80] 用时=10.15s  可行解=0/80  最小架次数=75  缓存组解码数=6797  缓存个体数=5440
[gen 68/80] 用时=10.24s  可行解=0/80  最小架次数=75  缓存组解码数=6808  缓存个体数=5520
[gen 69/80] 用时=11.18s  可行解=0/80  最小架次数=75  缓存组解码数=6822  缓存个体数=5600
[gen 70/80] 用时=10.94s  可行解=0/80  最小架次数=75  缓存组解码数=6836  缓存个体数=5680
[gen 71/80] 用时=12.78s  可行解=0/80  最小架次数=75  缓存组解码数=6851  缓存个体数=5760
[gen 72/80] 用时=9.87s  可行解=0/80  最小架次数=75  缓存组解码数=6875  缓存个体数=5840
[gen 73/80] 用时=10.98s  可行解=0/80  最小架次数=75  缓存组解码数=6897  缓存个体数=5920
[gen 74/80] 用时=9.79s  可行解=0/80  最小架次数=75  缓存组解码数=6908  缓存个体数=6000
[gen 75/80] 用时=11.96s  可行解=0/80  最小架次数=79  缓存组解码数=6925  缓存个体数=6080
[gen 76/80] 用时=10.73s  可行解=0/80  最小架次数=79  缓存组解码数=6938  缓存个体数=6160
[gen 77/80] 用时=11.74s  可行解=0/80  最小架次数=79  缓存组解码数=6957  缓存个体数=6240
[gen 78/80] 用时=12.31s  可行解=0/80  最小架次数=82  缓存组解码数=6968  缓存个体数=6320
[gen 79/80] 用时=11.80s  可行解=0/80  最小架次数=80  缓存组解码数=6986  缓存个体数=6400
[gen 80/80] 用时=11.19s  可行解=0/80  最小架次数=81  缓存组解码数=7008  缓存个体数=6480
[正式跑] 实际总耗时=672.6s
[前沿] 非支配解数=1  其中可行(0违反)=0
[代表解] f1=7487083.0  f2=54352.2s  f3=135.639kWh  f4=90  硬约束违反数=12
[saved] q3_1_routes.csv / q3_1_sorties.csv / q3_1_relay_sorties.csv / q3_1_box_delivery.csv / q3_1_resource_timeline.csv / q3_1_pareto_front.csv
[已保存] q3_1_01_帕累托前沿.png
[已保存] q3_1_02_通信覆盖与路线图.png
[已保存] q3_1_03_联合资源甘特图.png
[已保存] q3_1_04_机队架次能耗对比.png
[saved] q3_1_summary.txt
[done] all checks passed
