[规模] 箱子数=80  服务区数=15  机型数=3
[基线] 箱子覆盖校验: 覆盖80箱/应有80箱, 去重后80箱 -> 通过
[基线] N0=18  E0=59.072 kWh  T0=32801.7 s
[转换] 单站路线数=18  总能耗=59.072 kWh（对照基线E0=59.072 kWh）
[合并] 合并轮数=2（两两=2 三合一=0）  架次数 18 -> 16  能耗 59.072 -> 58.179 kWh（节省1.5%）
[合并后覆盖校验] 覆盖80/80箱,去重后80箱 -> 通过
[中继预计算] 命中磁盘缓存 C:\Users\24404\PycharmProjects\pythonProject1\2026年研赛D题\q3_relay_precompute_cache.pkl
[通信预计算] 需中继相位=586/720  中继候选点=3420  零候选硬缺口相位=0  用时=0.1s
[中继需求解析] 16条路线中 直连=3  中继覆盖=13  中继缺口=0
[预设:均衡] f1=2051542.6  f2=19379.4s  f3=67.387kWh  f4=29  违反数=18
[预设:紧迫优先] f1=2051542.6  f2=19379.4s  f3=67.387kWh  f4=29  违反数=18
[预设:能耗优先] f1=2051542.6  f2=19379.4s  f3=67.387kWh  f4=29  违反数=18
[主方案] 选择预设=均衡（违反数最少,并列时优先均衡）
[saved] q3_2_routes.csv / q3_2_relay_assignment.csv / q3_2_sorties.csv / q3_2_relay_sorties.csv / q3_2_box_delivery.csv / q3_2_resource_timeline.csv / q3_2_preset_compare.csv
[已保存] q3_2_01_路线结构与通信覆盖图.png
[已保存] q3_2_02_地形遮挡剖面示例.png
[已保存] q3_2_03_联合资源甘特图.png
[已保存] q3_2_04_优先级权衡对比.png
[已保存] q3_2_05_机队架次能耗对比.png
[saved] q3_2_summary.txt
[done] all checks passed
