\BOOKMARK [1][-]{cover.1}{\376\377\134\001\000\040\227\142}{}% 1
\BOOKMARK [1][-]{title.1}{\376\377\150\007\000\040\230\230}{}% 2
\BOOKMARK [1][-]{section.1}{\376\377\0001\000\040\225\356\230\230\221\315\217\360}{}% 3
\BOOKMARK [2][-]{subsection.1.1}{\376\377\0001\000.\0001\000\040\225\356\230\230\200\314\146\157}{section.1}% 4
\BOOKMARK [2][-]{subsection.1.2}{\376\377\0001\000.\0002\000\040\225\356\230\230\121\205\133\271}{section.1}% 5
\BOOKMARK [2][-]{subsection.1.3}{\376\377\0001\000.\0003\000\040\142\200\147\057\215\357\176\277}{section.1}% 6
\BOOKMARK [1][-]{section.2}{\376\377\0002\000\040\225\356\230\230\122\006\147\220}{}% 7
\BOOKMARK [2][-]{subsection.2.1}{\376\377\0002\000.\0001\000\040\225\356\230\230\116\000\377\032\123\125\123\072\176\304\142\171}{section.2}% 8
\BOOKMARK [2][-]{subsection.2.2}{\376\377\0002\000.\0002\000\040\225\356\230\230\116\214\377\032\145\366\226\120\143\222\172\013}{section.2}% 9
\BOOKMARK [2][-]{subsection.2.3}{\376\377\0002\000.\0003\000\040\225\356\230\230\116\011\377\032\220\032\117\341\117\335\226\234}{section.2}% 10
\BOOKMARK [2][-]{subsection.2.4}{\376\377\0002\000.\0004\000\040\225\356\230\230\126\333\377\032\126\372\133\232\116\373\122\241\122\006\123\072}{section.2}% 11
\BOOKMARK [1][-]{section.3}{\376\377\0003\000\040\152\041\127\213\120\107\213\276}{}% 12
\BOOKMARK [1][-]{section.4}{\376\377\0004\000\040\173\046\123\367\213\364\146\016}{}% 13
\BOOKMARK [1][-]{section.5}{\376\377\0005\000\040\225\356\230\230\116\000\377\032\133\211\121\150\217\175\203\167\116\016\123\125\123\072\176\304\142\171}{}% 14
\BOOKMARK [2][-]{subsection.5.1}{\376\377\0005\000.\0001\000\040\133\211\121\150\217\175\203\167\176\246\147\137}{section.5}% 15
\BOOKMARK [2][-]{subsection.5.2}{\376\377\0005\000.\0002\000\040\116\015\123\357\142\306\215\047\173\261\176\304\142\171}{section.5}% 16
\BOOKMARK [2][-]{subsection.5.3}{\376\377\0005\000.\0003\000\040\176\304\142\171\176\323\147\234}{section.5}% 17
\BOOKMARK [2][-]{subsection.5.4}{\376\377\0005\000.\0004\000\040\217\324\202\052\120\250\131\007\145\117\141\037\140\047}{section.5}% 18
\BOOKMARK [1][-]{section.6}{\376\377\0006\000\040\225\356\230\230\116\214\377\032\131\032\123\072\217\320\217\223\116\016\215\104\156\220\143\222\172\013}{}% 19
\BOOKMARK [2][-]{subsection.6.1}{\376\377\0006\000.\0001\000\040\145\366\136\217\121\263\173\126\152\041\127\213}{section.6}% 20
\BOOKMARK [2][-]{subsection.6.2}{\376\377\0006\000.\0002\000\040\143\222\172\013\176\323\147\204\116\016\215\104\156\220\123\140\165\050}{section.6}% 21
\BOOKMARK [1][-]{section.7}{\376\377\0007\000\040\225\356\230\230\116\011\377\032\217\320\217\223\116\373\122\241\166\204\220\032\117\341\117\335\226\234}{}% 22
\BOOKMARK [2][-]{subsection.7.1}{\376\377\0007\000.\0001\000\040\220\032\117\341\152\041\137\017\116\016\116\055\176\347\116\373\122\241}{section.7}% 23
\BOOKMARK [2][-]{subsection.7.2}{\376\377\0007\000.\0002\000\040\123\302\200\003\176\323\147\234}{section.7}% 24
\BOOKMARK [2][-]{subsection.7.3}{\376\377\0007\000.\0003\000\040\220\002\165\050\203\003\126\364}{section.7}% 25
\BOOKMARK [1][-]{section.8}{\376\377\0008\000\040\225\356\230\230\126\333\377\032\126\372\133\232\116\373\122\241\122\006\123\072\116\016\215\104\156\220\177\072\123\343}{}% 26
\BOOKMARK [2][-]{subsection.8.1}{\376\377\0008\000.\0001\000\040\116\015\123\357\142\306\176\304\116\366\116\016\122\006\123\072\123\330\221\317}{section.8}% 27
\BOOKMARK [2][-]{subsection.8.2}{\376\377\0008\000.\0002\000\040\176\304\121\205\134\360\120\074\215\104\156\220\227\000\154\102}{section.8}% 28
\BOOKMARK [2][-]{subsection.8.3}{\376\377\0008\000.\0003\000\040\122\006\123\072\145\271\150\110\116\016\177\072\123\343\153\324\217\203}{section.8}% 29
\BOOKMARK [1][-]{section.9}{\376\377\0009\000\040\145\117\141\037\140\047\116\016\140\305\146\157\213\250\213\272}{}% 30
\BOOKMARK [2][-]{subsection.9.1}{\376\377\0009\000.\0001\000\040\217\324\202\052\120\250\131\007\123\302\145\160}{section.9}% 31
\BOOKMARK [2][-]{subsection.9.2}{\376\377\0009\000.\0002\000\040\122\006\123\072\145\160\123\330\123\026}{section.9}% 32
\BOOKMARK [2][-]{subsection.9.3}{\376\377\0009\000.\0003\000\040\152\041\127\213\217\271\165\114\140\305\146\157}{section.9}% 33
\BOOKMARK [1][-]{section.10}{\376\377\0001\0000\000\040\152\041\127\213\213\304\116\367\116\016\143\250\136\177}{}% 34
\BOOKMARK [2][-]{subsection.10.1}{\376\377\0001\0000\000.\0001\000\040\152\041\127\213\162\171\160\271}{section.10}% 35
\BOOKMARK [2][-]{subsection.10.2}{\376\377\0001\0000\000.\0002\000\040\134\100\226\120\140\047}{section.10}% 36
\BOOKMARK [2][-]{subsection.10.3}{\376\377\0001\0000\000.\0003\000\040\143\250\136\177\145\271\124\021}{section.10}% 37
\BOOKMARK [2][-]{subsection.10.4}{\376\377\0001\0000\000.\0004\000\040\122\035\172\077\145\160\143\156\147\145\156\220\130\360\146\016}{section.10}% 38
\BOOKMARK [1][-]{appendix.1.A}{\376\377\226\104\137\125\000\040\000A\000\040\131\015\163\260\147\120\145\231\213\364\146\016}{}% 39
