\BOOKMARK [1][-]{cover.1}{\376\377\134\001\000\040\227\142}{}% 1
\BOOKMARK [1][-]{title.1}{\376\377\150\007\000\040\230\230}{}% 2
\BOOKMARK [1][-]{section.1}{\376\377\0001\000.\000\040\225\356\230\230\221\315\217\360}{}% 3
\BOOKMARK [2][-]{subsection.1.1}{\376\377\0001\000.\0001\000\040\225\356\230\230\200\314\146\157}{section.1}% 4
\BOOKMARK [2][-]{subsection.1.2}{\376\377\0001\000.\0002\000\040\225\356\230\230\121\205\133\271}{section.1}% 5
\BOOKMARK [2][-]{subsection.1.3}{\376\377\0001\000.\0003\000\040\124\004\225\356\230\230\166\204\145\160\143\156\176\347\142\177\121\163\174\373}{section.1}% 6
\BOOKMARK [1][-]{section.2}{\376\377\0002\000.\000\040\145\160\143\156\143\317\217\360\116\016\230\204\131\004\164\006}{}% 7
\BOOKMARK [2][-]{subsection.2.1}{\376\377\0002\000.\0001\000\040\145\160\143\156\147\145\156\220\116\016\145\207\116\366\156\005\123\125}{section.2}% 8
\BOOKMARK [2][-]{subsection.2.2}{\376\377\0002\000.\0002\000\040\162\151\215\104\227\000\154\102\116\016\136\224\140\045\117\030\121\110\176\247}{section.2}% 9
\BOOKMARK [2][-]{subsection.2.3}{\376\377\0002\000.\0003\000\040\217\320\217\223\145\340\116\272\147\072\116\016\121\161\116\253\165\065\154\140\123\302\145\160}{section.2}% 10
\BOOKMARK [2][-]{subsection.2.4}{\376\377\0002\000.\0004\000\040\116\055\176\347\145\340\116\272\147\072\116\016\220\032\117\341\224\376\215\357\123\302\145\160}{section.2}% 11
\BOOKMARK [2][-]{subsection.2.5}{\376\377\0002\000.\0005\000\040\145\160\143\156\230\204\131\004\164\006\155\101\172\013}{section.2}% 12
\BOOKMARK [1][-]{section.3}{\376\377\0003\000.\000\040\225\356\230\230\122\006\147\220}{}% 13
\BOOKMARK [2][-]{subsection.3.1}{\376\377\0003\000.\0001\000\040\140\073\117\123\140\035\215\357}{section.3}% 14
\BOOKMARK [2][-]{subsection.3.2}{\376\377\0003\000.\0002\000\040\225\356\230\230\116\000\166\204\122\006\147\220}{section.3}% 15
\BOOKMARK [2][-]{subsection.3.3}{\376\377\0003\000.\0003\000\040\225\356\230\230\116\214\166\204\122\006\147\220}{section.3}% 16
\BOOKMARK [2][-]{subsection.3.4}{\376\377\0003\000.\0004\000\040\225\356\230\230\116\011\166\204\122\006\147\220}{section.3}% 17
\BOOKMARK [2][-]{subsection.3.5}{\376\377\0003\000.\0005\000\040\225\356\230\230\126\333\166\204\122\006\147\220}{section.3}% 18
\BOOKMARK [2][-]{subsection.3.6}{\376\377\0003\000.\0006\000\040\142\200\147\057\215\357\176\277\126\376}{section.3}% 19
\BOOKMARK [2][-]{subsection.3.7}{\376\377\0003\000.\0007\000\040\170\024\172\166\150\106\147\266\116\016\122\033\145\260\160\271}{section.3}% 20
\BOOKMARK [1][-]{section.4}{\376\377\0004\000.\000\040\152\041\127\213\120\107\213\276}{}% 21
\BOOKMARK [1][-]{section.5}{\376\377\0005\000.\000\040\173\046\123\367\213\364\146\016}{}% 22
\BOOKMARK [1][-]{section.6}{\376\377\0006\000.\000\040\225\356\230\230\116\000\377\032\123\125\160\271\137\200\217\324\217\320\217\223\200\375\122\233\116\016\215\047\173\261\176\304\142\171\145\271\150\110}{}% 23
\BOOKMARK [2][-]{subsection.6.1}{\376\377\0006\000.\0001\000\040\145\160\143\156\230\204\131\004\164\006\116\016\127\072\146\157\151\202\211\310}{section.6}% 24
\BOOKMARK [2][-]{subsection.6.2}{\376\377\0006\000.\0002\000\040\145\340\116\272\147\072\145\366\225\364\116\016\200\375\200\027\152\041\127\213}{section.6}% 25
\BOOKMARK [3][-]{subsubsection.6.2.1}{\376\377\0006\000.\0002\000.\0001\000\040\202\052\153\265\121\340\117\125\116\016\213\241\122\022\135\341\202\052\155\167\142\324}{subsection.6.2}% 26
\BOOKMARK [3][-]{subsubsection.6.2.2}{\376\377\0006\000.\0002\000.\0002\000\040\154\064\136\163\116\016\162\054\123\107\200\375\200\027}{subsection.6.2}% 27
\BOOKMARK [3][-]{subsubsection.6.2.3}{\376\377\0006\000.\0002\000.\0003\000\040\117\134\116\032\145\366\225\364\152\041\127\213}{subsection.6.2}% 28
\BOOKMARK [2][-]{subsection.6.3}{\376\377\0006\000.\0003\000\040\147\000\131\047\133\211\121\150\217\175\203\167\166\204\213\241\173\227}{section.6}% 29
\BOOKMARK [2][-]{subsection.6.4}{\376\377\0006\000.\0004\000\040\215\047\173\261\176\304\142\171\145\271\150\110\377\010\173\054\000\040\0001\000\040\134\017\225\356\377\011}{section.6}% 30
\BOOKMARK [3][-]{subsubsection.6.4.1}{\376\377\0006\000.\0004\000.\0001\000\040\000B\000F\000D\000\040\124\057\123\321\137\017\147\204\220\040}{subsection.6.4}% 31
\BOOKMARK [3][-]{subsubsection.6.4.2}{\376\377\0006\000.\0004\000.\0002\000\040\226\306\124\010\122\022\122\006\000\040\000M\000I\000L\000P\000\040\136\372\152\041}{subsection.6.4}% 32
\BOOKMARK [2][-]{subsection.6.5}{\376\377\0006\000.\0005\000\040\131\032\166\356\150\007\176\304\142\171\117\030\123\026\377\010\173\054\000\040\0002\000\040\134\017\225\356\377\011}{section.6}% 33
\BOOKMARK [3][-]{subsubsection.6.5.1}{\376\377\0006\000.\0005\000.\0001\000\040\120\031\220\011\142\171\153\041\147\232\116\076}{subsection.6.5}% 34
\BOOKMARK [3][-]{subsubsection.6.5.2}{\376\377\0006\000.\0005\000.\0002\000\040\145\271\154\325\000\040\0001\377\032\176\277\140\047\122\240\147\103\154\325}{subsection.6.5}% 35
\BOOKMARK [3][-]{subsubsection.6.5.3}{\376\377\0006\000.\0005\000.\0003\000\040\145\271\154\325\000\040\0002\377\032\164\006\140\363\160\271\154\325\377\010\000C\000h\000e\000b\000y\000s\000h\000e\000v\000\040\131\245\123\117\211\304\122\022\377\011}{subsection.6.5}% 36
\BOOKMARK [3][-]{subsubsection.6.5.4}{\376\377\0006\000.\0005\000.\0004\000\040\145\271\154\325\000\040\0003\377\032\000N\000S\000G\000A\000-\000I\000I\000\040\000+\000\040\000M\000i\000n\000k\000o\000w\000s\000k\000i\000\040\124\214\124\010\136\166}{subsection.6.5}% 37
\BOOKMARK [3][-]{subsubsection.6.5.5}{\376\377\0006\000.\0005\000.\0005\000\040\116\011\171\315\145\271\154\325\176\323\147\234\116\000\201\364\140\047}{subsection.6.5}% 38
\BOOKMARK [2][-]{subsection.6.6}{\376\377\0006\000.\0006\000\040\217\324\202\052\133\211\121\150\117\131\221\317\145\117\141\037\140\047\122\006\147\220\377\010\173\054\000\040\0003\000\040\134\017\225\356\377\011}{section.6}% 39
\BOOKMARK [1][-]{section.7}{\376\377\0007\000.\000\040\225\356\230\230\116\214\377\032\137\002\147\204\145\340\116\272\147\072\131\032\160\271\131\032\147\266\153\041\217\320\217\223\214\003\136\246}{}% 40
\BOOKMARK [2][-]{subsection.7.1}{\376\377\0007\000.\0001\000\040\152\041\127\213\136\372\172\313}{section.7}% 41
\BOOKMARK [3][-]{subsubsection.7.1.1}{\376\377\0007\000.\0001\000.\0001\000\040\131\032\172\331\215\357\176\277\200\375\200\027\116\016\145\366\225\364}{subsection.7.1}% 42
\BOOKMARK [3][-]{subsubsection.7.1.2}{\376\377\0007\000.\0001\000.\0002\000\040\116\044\226\066\153\265\121\105\165\065\152\041\127\213}{subsection.7.1}% 43
\BOOKMARK [3][-]{subsubsection.7.1.3}{\376\377\0007\000.\0001\000.\0003\000\040\126\333\166\356\150\007\116\016\170\154\176\246\147\137\122\006\171\273}{subsection.7.1}% 44
\BOOKMARK [3][-]{subsubsection.7.1.4}{\376\377\0007\000.\0001\000.\0004\000\040\215\104\156\220\214\003\136\246\176\246\147\137\166\204\171\273\145\143\116\213\116\366\136\372\152\041}{subsection.7.1}% 45
\BOOKMARK [2][-]{subsection.7.2}{\376\377\0007\000.\0002\000\040\116\073\145\271\150\110\377\032\000N\000S\000G\000A\000-\000I\000I\000\040\121\150\134\100\131\032\166\356\150\007\117\030\123\026}{section.7}% 46
\BOOKMARK [3][-]{subsubsection.7.2.1}{\376\377\0007\000.\0002\000.\0001\000\040\220\020\173\261\220\001\217\276\145\366\122\073\116\016\221\115\220\001\123\312\145\366\140\047}{subsection.7.2}% 47
\BOOKMARK [3][-]{subsubsection.7.2.2}{\376\377\0007\000.\0002\000.\0002\000\040\215\104\156\220\117\177\165\050\116\016\123\357\210\114\140\047\150\300\232\214}{subsection.7.2}% 48
\BOOKMARK [2][-]{subsection.7.3}{\376\377\0007\000.\0003\000\040\133\371\153\324\145\271\154\325\377\032\215\052\137\303\131\032\172\331\124\010\136\166\000\040\000+\000\040\155\076\123\125\211\304\122\031\142\153\143\317}{section.7}% 49
\BOOKMARK [2][-]{subsection.7.4}{\376\377\0007\000.\0004\000\040\152\041\127\213\153\324\133\371\116\016\147\103\210\141\122\006\147\220}{section.7}% 50
\BOOKMARK [1][-]{section.8}{\376\377\0008\000.\000\040\225\356\230\230\116\011\377\032\220\032\117\341\176\246\147\137\116\013\166\204\217\320\217\223\116\016\116\055\176\347\200\124\124\010\214\003\136\246}{}% 51
\BOOKMARK [2][-]{subsection.8.1}{\376\377\0008\000.\0001\000\040\220\032\117\341\224\376\215\357\152\041\127\213}{section.8}% 52
\BOOKMARK [3][-]{subsubsection.8.1.1}{\376\377\0008\000.\0001\000.\0001\000\040\127\060\137\142\220\156\143\041\122\044\133\232}{subsection.8.1}% 53
\BOOKMARK [3][-]{subsubsection.8.1.2}{\376\377\0008\000.\0001\000.\0002\000\040\123\314\124\021\224\376\215\357\230\204\173\227}{subsection.8.1}% 54
\BOOKMARK [3][-]{subsubsection.8.1.3}{\376\377\0008\000.\0001\000.\0003\000\040\117\040\144\255\143\137\200\027\116\016\224\376\215\357\123\357\165\050\140\047}{subsection.8.1}% 55
\BOOKMARK [3][-]{subsubsection.8.1.4}{\376\377\0008\000.\0001\000.\0004\000\040\116\055\176\347\200\375\200\027\116\016\120\031\220\011\177\121\150\074}{subsection.8.1}% 56
\BOOKMARK [2][-]{subsection.8.2}{\376\377\0008\000.\0002\000\040\116\073\145\271\150\110\377\032\215\052\137\303\147\204\220\040\000\040\000+\000\040\116\055\176\347\211\206\166\326\122\006\221\115}{section.8}% 57
\BOOKMARK [2][-]{subsection.8.3}{\376\377\0008\000.\0003\000\040\133\371\153\324\145\271\154\325\377\032\000N\000S\000G\000A\000-\000I\000I\000\040\215\357\176\277\000-\116\055\176\347\200\124\124\010\117\030\123\026}{section.8}% 58
\BOOKMARK [2][-]{subsection.8.4}{\376\377\0008\000.\0004\000\040\152\041\127\213\153\324\133\371\116\016\220\032\117\341\116\343\116\367\221\317\123\026}{section.8}% 59
\BOOKMARK [1][-]{section.9}{\376\377\0009\000.\000\040\225\356\230\230\126\333\377\032\145\121\143\364\116\373\122\241\122\006\123\072\116\016\215\104\156\220\221\115\177\156\117\030\123\026}{}% 60
\BOOKMARK [2][-]{subsection.9.1}{\376\377\0009\000.\0001\000\040\152\041\127\213\136\372\172\313}{section.9}% 61
\BOOKMARK [3][-]{subsubsection.9.1.1}{\376\377\0009\000.\0001\000.\0001\000\040\000m\000u\000s\000t\000-\000l\000i\000n\000k\000\040\145\066\177\051\116\016\123\237\133\120\116\373\122\241\127\127}{subsection.9.1}% 62
\BOOKMARK [3][-]{subsubsection.9.1.2}{\376\377\0009\000.\0001\000.\0002\000\040\215\104\156\220\134\360\120\074\136\166\123\321\227\000\154\102\150\070\173\227}{subsection.9.1}% 63
\BOOKMARK [3][-]{subsubsection.9.1.3}{\376\377\0009\000.\0001\000.\0003\000\040\126\333\176\364\213\304\116\367\143\007\150\007}{subsection.9.1}% 64
\BOOKMARK [2][-]{subsection.9.2}{\376\377\0009\000.\0002\000\040\116\073\145\271\150\110\377\032\133\214\121\150\147\232\116\076\174\276\170\156\122\006\123\072}{section.9}% 65
\BOOKMARK [2][-]{subsection.9.3}{\376\377\0009\000.\0003\000\040\133\371\153\324\145\271\154\325\377\032\215\037\217\175\127\107\210\141\122\035\131\313\123\026\000\040\000+\000\040\152\041\142\337\220\000\160\153\134\100\220\350\144\034\175\042}{section.9}% 66
\BOOKMARK [2][-]{subsection.9.4}{\376\377\0009\000.\0004\000\040\152\041\127\213\153\324\133\371\116\016\215\104\156\220\177\072\123\343\122\006\147\220}{section.9}% 67
\BOOKMARK [1][-]{section.10}{\376\377\0001\0000\000.\000\040\145\117\141\037\140\047\122\006\147\220\116\016\172\063\120\145\140\047\232\214\213\301}{}% 68
\BOOKMARK [2][-]{subsection.10.1}{\376\377\0001\0000\000.\0001\000\040\217\324\202\052\133\211\121\150\117\131\221\317\145\117\141\037\140\047\377\010\225\356\230\230\116\000\377\011}{section.10}% 69
\BOOKMARK [2][-]{subsection.10.2}{\376\377\0001\0000\000.\0002\000\040\147\072\226\037\116\016\165\065\154\140\215\104\156\220\145\117\141\037\140\047\377\010\225\356\230\230\116\214\377\011}{section.10}% 70
\BOOKMARK [2][-]{subsection.10.3}{\376\377\0001\0000\000.\0003\000\040\220\032\117\341\224\376\215\357\123\302\145\160\145\117\141\037\140\047\377\010\225\356\230\230\116\011\377\011}{section.10}% 71
\BOOKMARK [2][-]{subsection.10.4}{\376\377\0001\0000\000.\0004\000\040\122\006\123\072\145\160\166\356\145\117\141\037\140\047\377\010\225\356\230\230\126\333\377\011}{section.10}% 72
\BOOKMARK [2][-]{subsection.10.5}{\376\377\0001\0000\000.\0005\000\040\215\350\145\271\154\325\116\244\123\311\232\214\213\301\134\017\176\323}{section.10}% 73
\BOOKMARK [1][-]{section.11}{\376\377\0001\0001\000.\000\040\152\041\127\213\213\304\116\367\060\001\172\063\120\145\140\047\122\006\147\220\116\016\143\250\136\177}{}% 74
\BOOKMARK [2][-]{subsection.11.1}{\376\377\0001\0001\000.\0001\000\040\152\041\127\213\117\030\160\271}{section.11}% 75
\BOOKMARK [2][-]{subsection.11.2}{\376\377\0001\0001\000.\0002\000\040\173\227\154\325\131\015\147\102\136\246\116\016\123\357\142\151\134\125\140\047\122\006\147\220}{section.11}% 76
\BOOKMARK [2][-]{subsection.11.3}{\376\377\0001\0001\000.\0003\000\040\152\041\127\213\177\072\160\271\116\016\145\071\217\333\145\271\124\021}{section.11}% 77
\BOOKMARK [2][-]{subsection.11.4}{\376\377\0001\0001\000.\0004\000\040\172\063\120\145\140\047\116\016\116\244\123\311\232\214\213\301\134\017\176\323}{section.11}% 78
\BOOKMARK [2][-]{subsection.11.5}{\376\377\0001\0001\000.\0005\000\040\152\041\127\213\143\250\136\177}{section.11}% 79
\BOOKMARK [2][-]{subsection.11.6}{\376\377\0001\0001\000.\0006\000\040\121\150\145\207\176\323\147\234\154\107\140\073}{section.11}% 80
\BOOKMARK [1][-]{section*.63}{\376\377\123\302\200\003\145\207\163\056}{}% 81
\BOOKMARK [1][-]{section.1.A}{\376\377\226\104\137\125\000\040\000A\000\040\150\070\137\303\116\343\170\001}{}% 82
\BOOKMARK [2][-]{subsection.1.A.1}{\376\377\0001\000.\0001\000\040\200\375\200\027\152\041\127\213\116\016\147\000\131\047\133\211\121\150\217\175\203\167\377\010\225\356\230\230\116\000\377\011}{section.1.A}% 83
\BOOKMARK [2][-]{subsection.1.A.2}{\376\377\0001\000.\0002\000\040\120\031\220\011\147\232\116\076\116\016\226\306\124\010\122\022\122\006\000\040\000M\000I\000L\000P\377\010\225\356\230\230\116\000\173\054\000\040\0002\000\040\134\017\225\356\377\011}{section.1.A}% 84
\BOOKMARK [2][-]{subsection.1.A.3}{\376\377\0001\000.\0003\000\040\131\032\172\331\215\357\176\277\200\375\200\027\116\016\215\104\156\220\116\377\167\037\377\010\225\356\230\230\116\214\377\011}{section.1.A}% 85
\BOOKMARK [2][-]{subsection.1.A.4}{\376\377\0001\000.\0004\000\040\220\032\117\341\224\376\215\357\122\044\133\232\377\010\225\356\230\230\116\011\377\011}{section.1.A}% 86
\BOOKMARK [2][-]{subsection.1.A.5}{\376\377\0001\000.\0005\000\040\215\104\156\220\134\360\120\074\150\070\173\227\116\016\122\006\123\072\142\123\122\006\377\010\225\356\230\230\126\333\377\011}{section.1.A}% 87
\BOOKMARK [2][-]{subsection.1.A.6}{\376\377\0001\000.\0006\000\040\000N\000S\000G\000A\000-\000I\000I\000\040\121\150\134\100\131\032\166\356\150\007\117\030\123\026\116\073\137\252\163\257\377\010\225\356\230\230\116\214\116\073\145\271\150\110\377\011}{section.1.A}% 88
\BOOKMARK [2][-]{subsection.1.A.7}{\376\377\0001\000.\0007\000\040\215\052\137\303\131\032\172\331\124\010\136\166\377\010\225\356\230\230\116\214\133\371\153\324\145\271\154\325\377\011}{section.1.A}% 89
\BOOKMARK [2][-]{subsection.1.A.8}{\376\377\0001\000.\0008\000\040\152\041\142\337\220\000\160\153\134\100\220\350\144\034\175\042\122\006\123\072\377\010\225\356\230\230\126\333\133\371\153\324\145\271\154\325\377\011}{section.1.A}% 90
\BOOKMARK [1][-]{section.1.B}{\376\377\226\104\137\125\000\040\000B\000\040\176\323\147\234\146\016\176\306\210\150}{}% 91
